Using pre-set license
Built from '2022.3/release' branch; Version is '2022.3.61f1 (6c53ebaf375d) revision 7099371'; Using compiler version '192829333'; Build Type 'Release'
OS: 'Windows 10  (10.0.19045) 64bit Professional' Language: 'ko' Physical Memory: 8064 MB
BatchMode: 1, IsHumanControllingUs: 0, StartBugReporterOnCrash: 0, Is64bit: 1, IsPro: 1

COMMAND LINE ARGUMENTS:
D:\2022.3.61f1\Editor\Unity.exe
-adb2
-batchMode
-noUpm
-name
AssetImportWorker5
-projectPath
D:/My project (1)
-logFile
Logs/AssetImportWorker5.log
-srvPort
64025
Successfully changed project path to: D:/My project (1)
D:/My project (1)
[UnityMemory] Configuration Parameters - Can be set up in boot.config
    "memorysetup-bucket-allocator-granularity=16"
    "memorysetup-bucket-allocator-bucket-count=8"
    "memorysetup-bucket-allocator-block-size=33554432"
    "memorysetup-bucket-allocator-block-count=8"
    "memorysetup-main-allocator-block-size=16777216"
    "memorysetup-thread-allocator-block-size=16777216"
    "memorysetup-gfx-main-allocator-block-size=16777216"
    "memorysetup-gfx-thread-allocator-block-size=16777216"
    "memorysetup-cache-allocator-block-size=4194304"
    "memorysetup-typetree-allocator-block-size=2097152"
    "memorysetup-profiler-bucket-allocator-granularity=16"
    "memorysetup-profiler-bucket-allocator-bucket-count=8"
    "memorysetup-profiler-bucket-allocator-block-size=33554432"
    "memorysetup-profiler-bucket-allocator-block-count=8"
    "memorysetup-profiler-allocator-block-size=16777216"
    "memorysetup-profiler-editor-allocator-block-size=1048576"
    "memorysetup-temp-allocator-size-main=16777216"
    "memorysetup-job-temp-allocator-block-size=2097152"
    "memorysetup-job-temp-allocator-block-size-background=1048576"
    "memorysetup-job-temp-allocator-reduction-small-platforms=262144"
    "memorysetup-allocator-temp-initial-block-size-main=262144"
    "memorysetup-allocator-temp-initial-block-size-worker=262144"
    "memorysetup-temp-allocator-size-background-worker=32768"
    "memorysetup-temp-allocator-size-job-worker=262144"
    "memorysetup-temp-allocator-size-preload-manager=33554432"
    "memorysetup-temp-allocator-size-nav-mesh-worker=65536"
    "memorysetup-temp-allocator-size-audio-worker=65536"
    "memorysetup-temp-allocator-size-cloud-worker=32768"
    "memorysetup-temp-allocator-size-gi-baking-worker=262144"
    "memorysetup-temp-allocator-size-gfx=262144"
Player connection [1236]  Target information:

Player connection [1236]  * "[IP] 192.168.0.4 [Port] 0 [Flags] 2 [Guid] 1957790157 [EditorId] 1957790157 [Version] 1048832 [Id] WindowsEditor(7,DESKTOP-HUJHIT7) [Debug] 1 [PackageName] WindowsEditor [ProjectName] Editor" 

Player connection [1236]  * "[IP] 25.5.237.238 [Port] 0 [Flags] 2 [Guid] 1957790157 [EditorId] 1957790157 [Version] 1048832 [Id] WindowsEditor(7,DESKTOP-HUJHIT7) [Debug] 1 [PackageName] WindowsEditor [ProjectName] Editor" 

Player connection [1236] Host joined multi-casting on [225.0.0.222:54997]...
Player connection [1236] Host joined alternative multi-casting on [225.0.0.222:34997]...
Input System module state changed to: Initialized.
[PhysX] Initialized MultithreadedTaskDispatcher with 4 workers.
Refreshing native plugins compatible for Editor in 30.40 ms, found 4 plugins.
Preloading 0 native plugins for Editor in 0.00 ms.
Initialize engine version: 2022.3.61f1 (6c53ebaf375d)
[Subsystems] Discovering subsystems at path D:/2022.3.61f1/Editor/Data/Resources/UnitySubsystems
[Subsystems] Discovering subsystems at path D:/My project (1)/Assets
GfxDevice: creating device client; threaded=0; jobified=0
Direct3D:
    Version:  Direct3D 11.0 [level 11.1]
    Renderer: Intel(R) UHD Graphics 610 (ID=0x3e90)
    Vendor:   Intel
    VRAM:     4032 MB
    Driver:   26.20.100.7642
Initialize mono
Mono path[0] = 'D:/2022.3.61f1/Editor/Data/Managed'
Mono path[1] = 'D:/2022.3.61f1/Editor/Data/MonoBleedingEdge/lib/mono/unityjit-win32'
Mono config path = 'D:/2022.3.61f1/Editor/Data/MonoBleedingEdge/etc'
Using monoOptions --debugger-agent=transport=dt_socket,embedding=1,server=y,suspend=n,address=127.0.0.1:56176
Begin MonoManager ReloadAssembly
Registering precompiled unity dll's ...
Register platform support module: D:/2022.3.61f1/Editor/Data/PlaybackEngines/WindowsStandaloneSupport/UnityEditor.WindowsStandalone.Extensions.dll
Registered in 0.010970 seconds.
- Loaded All Assemblies, in  1.711 seconds
Native extension for WindowsStandalone target not found
Mono: successfully reloaded assembly
- Finished resetting the current domain, in  1.041 seconds
Domain Reload Profiling: 2750ms
	BeginReloadAssembly (471ms)
		ExecutionOrderSort (0ms)
		DisableScriptedObjects (0ms)
		BackupInstance (0ms)
		ReleaseScriptingObjects (0ms)
		CreateAndSetChildDomain (3ms)
	RebuildCommonClasses (226ms)
	RebuildNativeTypeToScriptingClass (83ms)
	initialDomainReloadingComplete (516ms)
	LoadAllAssembliesAndSetupDomain (412ms)
		LoadAssemblies (469ms)
		RebuildTransferFunctionScriptingTraits (0ms)
		AnalyzeDomain (407ms)
			TypeCache.Refresh (403ms)
				TypeCache.ScanAssembly (372ms)
			ScanForSourceGeneratedMonoScriptInfo (1ms)
			ResolveRequiredComponents (1ms)
	FinalizeReload (1042ms)
		ReleaseScriptCaches (0ms)
		RebuildScriptCaches (0ms)
		SetupLoadedEditorAssemblies (847ms)
			LogAssemblyErrors (0ms)
			InitializePlatformSupportModulesInManaged (51ms)
			SetLoadedEditorAssemblies (33ms)
			RefreshPlugins (0ms)
			BeforeProcessingInitializeOnLoad (13ms)
			ProcessInitializeOnLoadAttributes (628ms)
			ProcessInitializeOnLoadMethodAttributes (121ms)
			AfterProcessingInitializeOnLoad (0ms)
			EditorAssembliesLoaded (0ms)
		ExecutionOrderSort2 (0ms)
		AwakeInstancesAfterBackupRestoration (0ms)
========================================================================
Worker process is ready to serve import requests
Caller must complete domain reload
Begin MonoManager ReloadAssembly
OutOfMemoryException: Out of memory
  at (wrapper managed-to-native) System.Object.__icall_wrapper_ves_icall_array_new_specific(intptr,int)
  at System.IO.MemoryStream..ctor (System.Int32 capacity) [0x00023] in <a914fa9a61f4426cb02cfb4156a1024d>:0 
  at (wrapper remoting-invoke-with-check) System.IO.MemoryStream..ctor(int)
  at Mono.Cecil.ModuleDefinition.ReadModule (System.String fileName, Mono.Cecil.ReaderParameters parameters) [0x0002e] in <a6860a9f6366437387ebdc1f225b7fd4>:0 
  at Mono.Cecil.BaseAssemblyResolver.GetAssembly (System.String file, Mono.Cecil.ReaderParameters parameters) [0x0000f] in <a6860a9f6366437387ebdc1f225b7fd4>:0 
  at Mono.Cecil.BaseAssemblyResolver.SearchDirectory (Mono.Cecil.AssemblyNameReference name, System.Collections.Generic.IEnumerable`1[T] directories, Mono.Cecil.ReaderParameters parameters) [0x00073] in <a6860a9f6366437387ebdc1f225b7fd4>:0 
  at Mono.Cecil.BaseAssemblyResolver.Resolve (Mono.Cecil.AssemblyNameReference name, Mono.Cecil.ReaderParameters parameters) [0x0000c] in <a6860a9f6366437387ebdc1f225b7fd4>:0 
  at Mono.Cecil.BaseAssemblyResolver.Resolve (Mono.Cecil.AssemblyNameReference name) [0x00007] in <a6860a9f6366437387ebdc1f225b7fd4>:0 
  at UnityEditor.AssemblyValidation+AssemblyResolver.Resolve (Mono.Cecil.AssemblyNameReference name) [0x0002f] in <1378b88fef4c46d398a0261fcd723ab7>:0 
  at UnityEditor.AssemblyValidation.ResolveAndSetupReferences (System.Int32 index, UnityEditor.AssemblyValidation+Error[] errors, Mono.Cecil.AssemblyDefinition[] assemblyDefinitions, System.Collections.Generic.Dictionary`2[TKey,TValue] assemblyDefinitionNameToIndex, UnityEditor.AssemblyValidation+AssemblyAndReferences[] assemblyAndReferences, System.String assemblyPath) [0x00084] in <1378b88fef4c46d398a0261fcd723ab7>:0 
  at UnityEditor.AssemblyValidation.CheckAssemblyReferences (System.String[] assemblyPaths, UnityEditor.AssemblyValidation+Error[] errors, Mono.Cecil.AssemblyDefinition[] assemblyDefinitions, System.Func`2[T,TResult] compatibleWithEditor) [0x00106] in <1378b88fef4c46d398a0261fcd723ab7>:0 
  at UnityEditor.AssemblyValidation.ValidateAssemblyDefinitions (System.String[] assemblyPaths, Mono.Cecil.AssemblyDefinition[] assemblyDefinitions, System.Func`2[T,TResult] compatibleWithEditor) [0x0000a] in <1378b88fef4c46d398a0261fcd723ab7>:0 
  at UnityEditor.AssemblyValidation.ValidateAssemblies (System.String[] assemblyPaths, System.Boolean enableLogging) [0x00054] in <1378b88fef4c46d398a0261fcd723ab7>:0 


=================================================================
	Native Crash Reporting
=================================================================
Got a UNKNOWN while executing native code. This usually indicates
a fatal error in the mono runtime or one of the native libraries 
used by your application.
=================================================================

=================================================================
	Managed Stacktrace:
=================================================================
=================================================================
Received signal SIGSEGV
Obtained 26 stack frames
0x00007ff66f728678 (Unity) 
0x00007ff66f7371ec (Unity) 
0x00007ff66f728d91 (Unity) 
0x00007ff66f73323e (Unity) 
0x00007ff66f0171e7 (Unity) 
0x00007ff66f015eea (Unity) 
0x00007ff66fe1a757 (Unity) 
0x00007ff66fe19c51 ((<unknown>)) 
0x00007ff66fe19a6b ((<unknown>)) 
0x00007ff66fe1903c ((<unknown>)) 
0x00007ff66fe1c00c ((<unknown>)) 
0x00007ff670dd02db ((<unknown>)) 
0x00007ff6712b8de4 ((<unknown>)) 
0x00007ff6712d9a4f ((<unknown>)) 
0x00007ff671315a12 ((<unknown>)) 
0x00007ff6713019be ((<unknown>)) 
0x00007ff6713035ee ((<unknown>)) 
0x00007ff671313dbc ((<unknown>)) 
0x00007ff6712e721f ((<unknown>)) 
0x00007ff6712b2997 ((<unknown>)) 
0x00007ff6712b2a1b ((<unknown>)) 
0x00007ff670aa5a5e ((<unknown>)) 
0x00007ff670f3e245 ((<unknown>)) 
0x00007ff6723107be ((<unknown>)) 
0x00007ffdd5ef7374 ((<unknown>)) 
0x00007ffdd603cc91 ((<unknown>)) 

